// Jest Snapshot v1, https://goo.gl/fbAQLP

exports[`Notices Page Component should render correctly 1`] = `
<Container
  className="page-wrapper"
  fluid={true}
>
  <Row
    noGutters={false}
  >
    <Col
      md={12}
    >
      <NavigationBar />
    </Col>
  </Row>
  <Row
    noGutters={false}
  >
    <Col
      md={2}
    />
    <Col
      md={8}
    >
      <div
        className="content-wrapper"
      >
        <div
          className="title"
        >
          <NotificationsNoneOutlinedIcon
            className="icon"
          />
          <p>
            Notifications
          </p>
          <p>
            (
            5
            )
          </p>
        </div>
        <Row
          className="item-list"
          noGutters={false}
        >
          <NoticeItem
            handleAccept={[Function]}
            handleDecline={[Function]}
            key="001"
            type="Local"
            userID="001"
            username="Username1"
          />
          <NoticeItem
            handleAccept={[Function]}
            handleDecline={[Function]}
            key="002"
            type="Local"
            userID="002"
            username="Username2"
          />
          <NoticeItem
            handleAccept={[Function]}
            handleDecline={[Function]}
            key="003"
            type="Local"
            userID="003"
            username="Username3"
          />
          <NoticeItem
            handleAccept={[Function]}
            handleDecline={[Function]}
            key="004"
            type="Local"
            userID="004"
            username="Username4"
          />
          <NoticeItem
            handleAccept={[Function]}
            handleDecline={[Function]}
            key="005"
            type="Local"
            userID="005"
            username="Username5"
          />
        </Row>
      </div>
    </Col>
  </Row>
</Container>
`;
