// Jest Snapshot v1, https://goo.gl/fbAQLP

exports[`Notice Item Component should render correctly 1`] = `
<Row
  className="wrapper"
  noGutters={false}
>
  <Col
    className="leftColumn"
    lg={4}
    md={12}
  >
    <Link
      className="username-link"
      to={
        Object {
          "pathname": "/profile/",
          "state": Object {
            "userID": "",
            "username": "",
          },
        }
      }
    />
  </Col>
  <Col
    className="middleColumn"
    lg={3}
    md={12}
  >
    <div
      className="type-wrapper"
    >
      Local
    </div>
  </Col>
  <Col
    className="rightColumn"
    lg={5}
    md={12}
  >
    <div
      className="button-wrapper"
    >
      <button
        className="accept-button"
        onClick={[Function]}
        type="button"
      >
        Accept
      </button>
      <button
        className="decline-button"
        onClick={[Function]}
        type="button"
      >
        Decline
      </button>
    </div>
  </Col>
</Row>
`;
