// Jest Snapshot v1, https://goo.gl/fbAQLP

exports[`Post box Component should render correctly 1`] = `
<div
  className="editable-post-wrapper"
>
  <div
    className="editable-post-content"
  >
    <div
      className="editable-post-header"
    >
      <b>
        NEW POST
      </b>
    </div>
    <UploadImageModal
      onHide={[Function]}
      onUpload={[Function]}
      show={false}
    />
    <PostPreviewModal
      imageObjectUrl=""
      onHide={[Function]}
      postContent=""
      postTitle=""
      show={false}
    />
    <PrivacySelectorModal
      onHide={[Function]}
      onSubmit={[Function]}
      selectedVisibileTo={Array []}
      selectedVisibility="PUBLIC"
      show={false}
    />
    <form
      action="submit"
      className="editable-post-input-wrapper"
    >
      <TextareaAutosize
        className="title-text-area"
        inputRef={[Function]}
        onChange={[Function]}
        onHeightChange={[Function]}
        onKeyPress={[Function]}
        placeholder="Title"
        useCacheForDOMMeasurements={false}
        value=""
      />
      <TextareaAutosize
        className="post-text-area"
        inputRef={[Function]}
        onChange={[Function]}
        onHeightChange={[Function]}
        placeholder="What's on your mind?"
        useCacheForDOMMeasurements={false}
        value=""
      />
      <div
        className="editable-post-buttons-wrapper"
      >
        <PublicIcon
          className="icon"
          onClick={[Function]}
        />
        <ImageOutlinedIcon
          className="icon"
          onClick={[Function]}
        />
        <button
          className="post-button"
          disabled={true}
          onClick={[Function]}
          type="submit"
        >
          Post
        </button>
      </div>
    </form>
  </div>
</div>
`;
