// Jest Snapshot v1, https://goo.gl/fbAQLP

exports[`Friends Page Component should render correctly 1`] = `
<Container
  className="page-wrapper"
  fluid={true}
>
  <Row
    noGutters={false}
  >
    <Col
      md={12}
    >
      <NavigationBar />
    </Col>
  </Row>
  <Row
    noGutters={false}
  >
    <Col
      md={2}
    />
    <Col
      md={8}
    >
      <div
        className="content-wrapper"
      >
        <div
          className="title"
        >
          <PeopleAltOutlinedIcon
            className="icon"
          />
          <p>
            Friends
          </p>
          <p>
            (
            0
            )
          </p>
        </div>
        <Row
          noGutters={false}
        />
      </div>
    </Col>
  </Row>
</Container>
`;
